// Jest Snapshot v1, https://goo.gl/fbAQLP

exports[`Pruebas en Props Debe de hacer match con el snapshot 1`] = `
<div>
  <h1
    data-testid="test-title"
  >
    Hola , soy goku
  </h1>
  <p>
    No se definio un subtitulo
  </p>
  <p>
    No se definio un subtitulo
  </p>
  <p>
    No se definio un nombre
  </p>
</div>
`;
